dataset/UK house prices/manchester.csv
"Name","URI","Region GSS code","Period","Sales volume","Reporting period","Average price All property types","Average price Detached houses","Average price Semi-detached houses","Average price Terraced houses","Average price Flats and maisonettes","Pivotable date"
Manchester,http://landregistry.data.gov.uk/id/region/manchester,E08000003,2004-01,862,monthly,78712,137102,91864,68011,78724,2004-01-01
Manchester,http://landregistry.data.gov.uk/id/region/manchester,E08000003,2004-02,888,monthly,77705,134725,90531,67238,77631,2004-02-01
Manchester,http://landregistry.data.gov.uk/id/region/manchester,E08000003,2004-03,1194,monthly,77111,133931,89621,66743,76922,2004-03-01
Manchester,http://landregistry.data.gov.uk/id/region/manchester,E08000003,2004-04,1285,monthly,78662,134767,91267,68360,78271,2004-04-01
Manchester,http://landregistry.data.gov.uk/id/region/manchester,E08000003,2004-05,1033,monthly,82566,139771,95393,72116,81978,2004-05-01
Manchester,http://landregistry.data.gov.uk/id/region/manchester,E08000003,2004-06,1252,monthly,86415,144918,99734,75642,85707,2004-06-01
Manchester,http://landregistry.data.gov.uk/id/region/manchester,E08000003,2004-07,1241,monthly,90834,152076,105136,79775,89507,2004-07-01
Manchester,http://landregistry.data.gov.uk/id/region/manchester,E08000003,2004-08,1165,monthly,93824,157362,108816,82530,92087,2004-08-01
Manchester,http://landregistry.data.gov.uk/id/region/manchester,E08000003,2004-09,1055,monthly,96240,161909,111872,84965,93775,2004-09-01
Manchester,http://landregistry.data.gov.uk/id/region/manchester,E08000003,2004-10,979,monthly,95370,160462,110418,84054,93435,2004-10-01
Manchester,http://landregistry.data.gov.uk/id/region/manchester,E08000003,2004-11,1018,monthly,95369,160003,110178,84059,93616,2004-11-01
Manchester,http://landregistry.data.gov.uk/id/region/manchester,E08000003,2004-12,966,monthly,94943,158238,109340,83636,93575,2004-12-01
Manchester,http://landregistry.data.gov.uk/id/region/manchester,E08000003,2005-01,766,monthly,93079,154844,106818,81970,92046,2005-01-01
Manchester,http://landregistry.data.gov.uk/id/region/manchester,E08000003,2005-02,695,monthly,93156,154816,106963,81929,92284,2005-02-01
Manchester,http://landregistry.data.gov.uk/id/region/manchester,E08000003,2005-03,868,monthly,93972,156382,107953,82599,93136,2005-03-01
Manchester,http://landregistry.data.gov.uk/id/region/manchester,E08000003,2005-04,953,monthly,96994,160818,111628,85446,95819,2005-04-01
Manchester,http://landregistry.data.gov.uk/id/region/manchester,E08000003,2005-05,917,monthly,100861,167342,115945,89079,99439,2005-05-01
Manchester,http://landregistry.data.gov.uk/id/region/manchester,E08000003,2005-06,980,monthly,104824,172443,120210,92999,103088,2005-06-01
Manchester,http://landregistry.data.gov.uk/id/region/manchester,E08000003,2005-07,939,monthly,109262,179692,125564,97183,107020,2005-07-01
Manchester,http://landregistry.data.gov.uk/id/region/manchester,E08000003,2005-08,960,monthly,111767,183850,128451,99728,109094,2005-08-01
Manchester,http://landregistry.data.gov.uk/id/region/manchester,E08000003,2005-09,1124,monthly,111799,184734,128815,99972,108651,2005-09-01
Manchester,http://landregistry.data.gov.uk/id/region/manchester,E08000003,2005-10,937,monthly,112531,185840,129266,100736,109455,2005-10-01
Manchester,http://landregistry.data.gov.uk/id/region/manchester,E08000003,2005-11,834,monthly,112591,185558,129396,100867,109412,2005-11-01
Manchester,http://landregistry.data.gov.uk/id/region/manchester,E08000003,2005-12,1116,monthly,114236,187092,130713,102299,111436,2005-12-01
Manchester,http://landregistry.data.gov.uk/id/region/manchester,E08000003,2006-01,758,monthly,115012,188373,131460,103133,112110,2006-01-01
Manchester,http://landregistry.data.gov.uk/id/region/manchester,E08000003,2006-02,835,monthly,116625,190209,132821,104511,114040,2006-02-01
Manchester,http://landregistry.data.gov.uk/id/region/manchester,E08000003,2006-03,1187,monthly,116567,191423,133230,104625,113478,2006-03-01
Manchester,http://landregistry.data.gov.uk/id/region/manchester,E08000003,2006-04,1022,monthly,117816,192919,134686,105876,114575,2006-04-01
Manchester,http://landregistry.data.gov.uk/id/region/manchester,E08000003,2006-05,1054,monthly,119018,194981,136336,107108,115443,2006-05-01
Manchester,http://landregistry.data.gov.uk/id/region/manchester,E08000003,2006-06,1364,monthly,121620,198086,139296,109664,117822,2006-06-01
Manchester,http://landregistry.data.gov.uk/id/region/manchester,E08000003,2006-07,1128,monthly,123448,200928,141538,111708,119138,2006-07-01
Manchester,http://landregistry.data.gov.uk/id/region/manchester,E08000003,2006-08,1072,monthly,124674,202989,143193,113254,119762,2006-08-01
Manchester,http://landregistry.data.gov.uk/id/region/manchester,E08000003,2006-09,1155,monthly,127848,208843,146959,116147,122707,2006-09-01
Manchester,http://landregistry.data.gov.uk/id/region/manchester,E08000003,2006-10,1124,monthly,128802,210740,148081,116895,123707,2006-10-01
Manchester,http://landregistry.data.gov.uk/id/region/manchester,E08000003,2006-11,1231,monthly,130572,213829,150244,118538,125297,2006-11-01
Manchester,http://landregistry.data.gov.uk/id/region/manchester,E08000003,2006-12,1373,monthly,129927,211971,149330,118237,124531,2006-12-01
Manchester,http://landregistry.data.gov.uk/id/region/manchester,E08000003,2007-01,895,monthly,129773,211615,149228,118276,124175,2007-01-01
Manchester,http://landregistry.data.gov.uk/id/region/manchester,E08000003,2007-02,979,monthly,132008,214907,151543,120087,126699,2007-02-01
Manchester,http://landregistry.data.gov.uk/id/region/manchester,E08000003,2007-03,1093,monthly,129663,211521,149023,118110,124181,2007-03-01
Manchester,http://landregistry.data.gov.uk/id/region/manchester,E08000003,2007-04,995,monthly,131606,213976,151063,120139,125912,2007-04-01
Manchester,http://landregistry.data.gov.uk/id/region/manchester,E08000003,2007-05,1037,monthly,130931,211956,149989,119833,125146,2007-05-01
Manchester,http://landregistry.data.gov.uk/id/region/manchester,E08000003,2007-06,1296,monthly,135883,219615,155503,124503,129837,2007-06-01
Manchester,http://landregistry.data.gov.uk/id/region/manchester,E08000003,2007-07,1094,monthly,138641,224393,158650,126985,132509,2007-07-01
Manchester,http://landregistry.data.gov.uk/id/region/manchester,E08000003,2007-08,1129,monthly,140431,228555,161198,129049,133477,2007-08-01
Manchester,http://landregistry.data.gov.uk/id/region/manchester,E08000003,2007-09,965,monthly,139906,228283,160842,128576,132816,2007-09-01
Manchester,http://landregistry.data.gov.uk/id/region/manchester,E08000003,2007-10,899,monthly,137060,224212,157416,125902,130222,2007-10-01
Manchester,http://landregistry.data.gov.uk/id/region/manchester,E08000003,2007-11,1020,monthly,136238,223336,156543,124856,129674,2007-11-01
Manchester,http://landregistry.data.gov.uk/id/region/manchester,E08000003,2007-12,798,monthly,138012,226243,158361,126351,131606,2007-12-01
Manchester,http://landregistry.data.gov.uk/id/region/manchester,E08000003,2008-01,623,monthly,139138,228416,159678,127402,132630,2008-01-01
Manchester,http://landregistry.data.gov.uk/id/region/manchester,E08000003,2008-02,627,monthly,138442,227607,158695,126695,132113,2008-02-01
Manchester,http://landregistry.data.gov.uk/id/region/manchester,E08000003,2008-03,576,monthly,134277,222001,154264,122857,127909,2008-03-01
Manchester,http://landregistry.data.gov.uk/id/region/manchester,E08000003,2008-04,565,monthly,133220,221010,153192,122058,126596,2008-04-01
Manchester,http://landregistry.data.gov.uk/id/region/manchester,E08000003,2008-05,494,monthly,132518,219049,152430,121466,125885,2008-05-01
Manchester,http://landregistry.data.gov.uk/id/region/manchester,E08000003,2008-06,457,monthly,133645,219510,153540,122583,127031,2008-06-01
Manchester,http://landregistry.data.gov.uk/id/region/manchester,E08000003,2008-07,565,monthly,133188,217736,153410,121922,126700,2008-07-01
Manchester,http://landregistry.data.gov.uk/id/region/manchester,E08000003,2008-08,381,monthly,131761,215202,151901,120741,125137,2008-08-01
Manchester,http://landregistry.data.gov.uk/id/region/manchester,E08000003,2008-09,387,monthly,128352,211222,147917,117442,122052,2008-09-01
Manchester,http://landregistry.data.gov.uk/id/region/manchester,E08000003,2008-10,350,monthly,125521,206994,144449,114660,119670,2008-10-01
Manchester,http://landregistry.data.gov.uk/id/region/manchester,E08000003,2008-11,359,monthly,123439,204096,142132,112489,117920,2008-11-01
Manchester,http://landregistry.data.gov.uk/id/region/manchester,E08000003,2008-12,382,monthly,120581,198776,139188,110148,114732,2008-12-01
Manchester,http://landregistry.data.gov.uk/id/region/manchester,E08000003,2009-01,223,monthly,116549,193092,134555,106409,110903,2009-01-01
Manchester,http://landregistry.data.gov.uk/id/region/manchester,E08000003,2009-02,203,monthly,113432,188055,130798,103279,108368,2009-02-01
Manchester,http://landregistry.data.gov.uk/id/region/manchester,E08000003,2009-03,319,monthly,111679,185079,128371,101144,107580,2009-03-01
Manchester,http://landregistry.data.gov.uk/id/region/manchester,E08000003,2009-04,276,monthly,112403,185019,129235,101661,108509,2009-04-01
Manchester,http://landregistry.data.gov.uk/id/region/manchester,E08000003,2009-05,340,monthly,113405,186348,130448,102781,109212,2009-05-01
Manchester,http://landregistry.data.gov.uk/id/region/manchester,E08000003,2009-06,421,monthly,116478,191545,134265,105914,111569,2009-06-01
Manchester,http://landregistry.data.gov.uk/id/region/manchester,E08000003,2009-07,425,monthly,118778,195871,137364,108546,112812,2009-07-01
Manchester,http://landregistry.data.gov.uk/id/region/manchester,E08000003,2009-08,432,monthly,119543,197778,138703,109633,112745,2009-08-01
Manchester,http://landregistry.data.gov.uk/id/region/manchester,E08000003,2009-09,465,monthly,120342,199320,139962,110449,113163,2009-09-01
Manchester,http://landregistry.data.gov.uk/id/region/manchester,E08000003,2009-10,422,monthly,119132,197772,138859,109305,111828,2009-10-01
Manchester,http://landregistry.data.gov.uk/id/region/manchester,E08000003,2009-11,469,monthly,119080,198431,138734,109487,111513,2009-11-01
Manchester,http://landregistry.data.gov.uk/id/region/manchester,E08000003,2009-12,571,monthly,120581,200537,140710,111382,112231,2009-12-01
Manchester,http://landregistry.data.gov.uk/id/region/manchester,E08000003,2010-01,291,monthly,119795,200048,140183,110988,110823,2010-01-01
Manchester,http://landregistry.data.gov.uk/id/region/manchester,E08000003,2010-02,352,monthly,119373,199571,140318,110585,110012,2010-02-01
Manchester,http://landregistry.data.gov.uk/id/region/manchester,E08000003,2010-03,486,monthly,116439,195656,136863,107257,107865,2010-03-01
Manchester,http://landregistry.data.gov.uk/id/region/manchester,E08000003,2010-04,368,monthly,119570,200209,140371,109928,111135,2010-04-01
Manchester,http://landregistry.data.gov.uk/id/region/manchester,E08000003,2010-05,454,monthly,120923,202499,141681,111009,112734,2010-05-01
Manchester,http://landregistry.data.gov.uk/id/region/manchester,E08000003,2010-06,427,monthly,122361,204784,143591,112740,113512,2010-06-01
Manchester,http://landregistry.data.gov.uk/id/region/manchester,E08000003,2010-07,504,monthly,120447,202823,141486,111205,111336,2010-07-01
Manchester,http://landregistry.data.gov.uk/id/region/manchester,E08000003,2010-08,429,monthly,121781,205599,143609,112487,112137,2010-08-01
Manchester,http://landregistry.data.gov.uk/id/region/manchester,E08000003,2010-09,457,monthly,121385,205968,143248,112019,111748,2010-09-01
Manchester,http://landregistry.data.gov.uk/id/region/manchester,E08000003,2010-10,435,monthly,123251,209097,145441,113498,113724,2010-10-01
Manchester,http://landregistry.data.gov.uk/id/region/manchester,E08000003,2010-11,388,monthly,120295,204721,141738,110552,111323,2010-11-01
Manchester,http://landregistry.data.gov.uk/id/region/manchester,E08000003,2010-12,468,monthly,119662,203463,141090,109747,110918,2010-12-01
Manchester,http://landregistry.data.gov.uk/id/region/manchester,E08000003,2011-01,269,monthly,116754,198762,137570,106893,108459,2011-01-01
Manchester,http://landregistry.data.gov.uk/id/region/manchester,E08000003,2011-02,296,monthly,118610,201980,139543,108512,110411,2011-02-01
Manchester,http://landregistry.data.gov.uk/id/region/manchester,E08000003,2011-03,336,monthly,116328,199288,136755,106305,108405,2011-03-01
Manchester,http://landregistry.data.gov.uk/id/region/manchester,E08000003,2011-04,432,monthly,116936,200162,137327,106836,109116,2011-04-01
Manchester,http://landregistry.data.gov.uk/id/region/manchester,E08000003,2011-05,348,monthly,117007,199466,137103,106704,109696,2011-05-01
Manchester,http://landregistry.data.gov.uk/id/region/manchester,E08000003,2011-06,385,monthly,120271,203509,140935,109784,112752,2011-06-01
Manchester,http://landregistry.data.gov.uk/id/region/manchester,E08000003,2011-07,422,monthly,122780,207083,143828,112052,115216,2011-07-01
Manchester,http://landregistry.data.gov.uk/id/region/manchester,E08000003,2011-08,418,monthly,122955,208016,144752,112607,114364,2011-08-01
Manchester,http://landregistry.data.gov.uk/id/region/manchester,E08000003,2011-09,467,monthly,123414,209800,145457,113238,114360,2011-09-01
Manchester,http://landregistry.data.gov.uk/id/region/manchester,E08000003,2011-10,351,monthly,119600,204523,141501,109788,110285,2011-10-01
Manchester,http://landregistry.data.gov.uk/id/region/manchester,E08000003,2011-11,356,monthly,117194,200409,138546,107271,108489,2011-11-01
Manchester,http://landregistry.data.gov.uk/id/region/manchester,E08000003,2011-12,456,monthly,115465,197352,136548,105464,107109,2011-12-01
Manchester,http://landregistry.data.gov.uk/id/region/manchester,E08000003,2012-01,268,monthly,117046,199793,138586,107080,108287,2012-01-01
Manchester,http://landregistry.data.gov.uk/id/region/manchester,E08000003,2012-02,326,monthly,118158,201963,140119,108539,108636,2012-02-01
Manchester,http://landregistry.data.gov.uk/id/region/manchester,E08000003,2012-03,412,monthly,119403,203428,141668,109997,109436,2012-03-01
Manchester,http://landregistry.data.gov.uk/id/region/manchester,E08000003,2012-04,321,monthly,120497,205231,142708,110861,110837,2012-04-01
Manchester,http://landregistry.data.gov.uk/id/region/manchester,E08000003,2012-05,311,monthly,119126,202256,140863,109464,109988,2012-05-01
Manchester,http://landregistry.data.gov.uk/id/region/manchester,E08000003,2012-06,394,monthly,120468,204198,142211,110924,111156,2012-06-01
Manchester,http://landregistry.data.gov.uk/id/region/manchester,E08000003,2012-07,431,monthly,120320,203327,141989,111071,110749,2012-07-01
Manchester,http://landregistry.data.gov.uk/id/region/manchester,E08000003,2012-08,375,monthly,123867,209232,146211,114657,113589,2012-08-01
Manchester,http://landregistry.data.gov.uk/id/region/manchester,E08000003,2012-09,386,monthly,122813,208060,145162,113595,112519,2012-09-01
Manchester,http://landregistry.data.gov.uk/id/region/manchester,E08000003,2012-10,409,monthly,122069,207219,144322,112821,111877,2012-10-01
Manchester,http://landregistry.data.gov.uk/id/region/manchester,E08000003,2012-11,424,monthly,119452,203316,141272,110261,109575,2012-11-01
Manchester,http://landregistry.data.gov.uk/id/region/manchester,E08000003,2012-12,345,monthly,117635,201094,139225,108469,107896,2012-12-01
Manchester,http://landregistry.data.gov.uk/id/region/manchester,E08000003,2013-01,314,monthly,117248,200672,139336,108097,107092,2013-01-01
Manchester,http://landregistry.data.gov.uk/id/region/manchester,E08000003,2013-02,316,monthly,116756,199927,138925,107664,106443,2013-02-01
Manchester,http://landregistry.data.gov.uk/id/region/manchester,E08000003,2013-03,359,monthly,116392,199451,138505,107100,106322,2013-03-01
Manchester,http://landregistry.data.gov.uk/id/region/manchester,E08000003,2013-04,357,monthly,116566,199799,138117,107250,106895,2013-04-01
Manchester,http://landregistry.data.gov.uk/id/region/manchester,E08000003,2013-05,388,monthly,118641,202992,140470,109044,109037,2013-05-01
Manchester,http://landregistry.data.gov.uk/id/region/manchester,E08000003,2013-06,423,monthly,119951,204125,142071,110581,109905,2013-06-01
Manchester,http://landregistry.data.gov.uk/id/region/manchester,E08000003,2013-07,506,monthly,121836,206538,144264,112522,111490,2013-07-01
Manchester,http://landregistry.data.gov.uk/id/region/manchester,E08000003,2013-08,547,monthly,122189,206997,144737,113031,111568,2013-08-01
Manchester,http://landregistry.data.gov.uk/id/region/manchester,E08000003,2013-09,443,monthly,124071,211393,147064,114627,113290,2013-09-01
Manchester,http://landregistry.data.gov.uk/id/region/manchester,E08000003,2013-10,529,monthly,124954,214334,148427,115123,114136,2013-10-01
Manchester,http://landregistry.data.gov.uk/id/region/manchester,E08000003,2013-11,540,monthly,125038,215177,148607,115017,114317,2013-11-01
Manchester,http://landregistry.data.gov.uk/id/region/manchester,E08000003,2013-12,533,monthly,124914,214537,148510,114931,114169,2013-12-01
Manchester,http://landregistry.data.gov.uk/id/region/manchester,E08000003,2014-01,475,monthly,124522,213990,148160,114791,113460,2014-01-01
Manchester,http://landregistry.data.gov.uk/id/region/manchester,E08000003,2014-02,464,monthly,126112,217813,150394,116464,114402,2014-02-01
Manchester,http://landregistry.data.gov.uk/id/region/manchester,E08000003,2014-03,494,monthly,125362,216756,149576,115695,113722,2014-03-01
Manchester,http://landregistry.data.gov.uk/id/region/manchester,E08000003,2014-04,548,monthly,125519,216665,149728,115963,113797,2014-04-01
Manchester,http://landregistry.data.gov.uk/id/region/manchester,E08000003,2014-05,549,monthly,126087,216630,150152,116487,114526,2014-05-01
Manchester,http://landregistry.data.gov.uk/id/region/manchester,E08000003,2014-06,526,monthly,129041,221637,153720,119434,116985,2014-06-01
