dataset/UK house prices/manchester.csv
"Name","URI","Region GSS code","Period","Sales volume","Reporting period","Average price All property types","Average price Detached houses","Average price Semi-detached houses","Average price Terraced houses","Average price Flats and maisonettes","Pivotable date"
Manchester,http://landregistry.data.gov.uk/id/region/manchester,E08000003,2014-07,611,monthly,132316,227063,157699,122668,119739,2014-07-01
Manchester,http://landregistry.data.gov.uk/id/region/manchester,E08000003,2014-08,660,monthly,133892,230145,159876,124365,120754,2014-08-01
Manchester,http://landregistry.data.gov.uk/id/region/manchester,E08000003,2014-09,596,monthly,135670,233354,162134,126199,122105,2014-09-01
Manchester,http://landregistry.data.gov.uk/id/region/manchester,E08000003,2014-10,656,monthly,135730,234261,162417,126063,122160,2014-10-01
Manchester,http://landregistry.data.gov.uk/id/region/manchester,E08000003,2014-11,573,monthly,135620,234546,162364,125727,122199,2014-11-01
Manchester,http://landregistry.data.gov.uk/id/region/manchester,E08000003,2014-12,666,monthly,134384,232951,160864,124303,121311,2014-12-01
Manchester,http://landregistry.data.gov.uk/id/region/manchester,E08000003,2015-01,430,monthly,134515,233044,160946,124295,121600,2015-01-01
Manchester,http://landregistry.data.gov.uk/id/region/manchester,E08000003,2015-02,504,monthly,134373,232423,160404,124065,121781,2015-02-01
Manchester,http://landregistry.data.gov.uk/id/region/manchester,E08000003,2015-03,687,monthly,134409,232663,160500,123751,122097,2015-03-01
Manchester,http://landregistry.data.gov.uk/id/region/manchester,E08000003,2015-04,494,monthly,134512,233602,160768,124023,121911,2015-04-01
Manchester,http://landregistry.data.gov.uk/id/region/manchester,E08000003,2015-05,552,monthly,136855,237897,163974,126182,123822,2015-05-01
Manchester,http://landregistry.data.gov.uk/id/region/manchester,E08000003,2015-06,647,monthly,137418,238769,164958,127289,123637,2015-06-01
Manchester,http://landregistry.data.gov.uk/id/region/manchester,E08000003,2015-07,754,monthly,139079,240888,167072,128790,125150,2015-07-01
Manchester,http://landregistry.data.gov.uk/id/region/manchester,E08000003,2015-08,616,monthly,141367,245112,169875,131190,126907,2015-08-01
Manchester,http://landregistry.data.gov.uk/id/region/manchester,E08000003,2015-09,645,monthly,144995,252432,174184,134350,130322,2015-09-01
Manchester,http://landregistry.data.gov.uk/id/region/manchester,E08000003,2015-10,751,monthly,146372,256022,176204,135748,131206,2015-10-01
Manchester,http://landregistry.data.gov.uk/id/region/manchester,E08000003,2015-11,677,monthly,144711,253630,174429,134052,129722,2015-11-01
Manchester,http://landregistry.data.gov.uk/id/region/manchester,E08000003,2015-12,624,monthly,145096,254778,175147,134448,129879,2015-12-01
Manchester,http://landregistry.data.gov.uk/id/region/manchester,E08000003,2016-01,500,monthly,146859,257529,177456,136030,131435,2016-01-01
Manchester,http://landregistry.data.gov.uk/id/region/manchester,E08000003,2016-02,572,monthly,147888,259531,178937,137094,132128,2016-02-01
Manchester,http://landregistry.data.gov.uk/id/region/manchester,E08000003,2016-03,1219,monthly,147734,258368,178609,136912,132146,2016-03-01
Manchester,http://landregistry.data.gov.uk/id/region/manchester,E08000003,2016-04,408,monthly,148994,261400,179820,138044,133411,2016-04-01
Manchester,http://landregistry.data.gov.uk/id/region/manchester,E08000003,2016-05,431,monthly,149533,261614,179709,138421,134421,2016-05-01
Manchester,http://landregistry.data.gov.uk/id/region/manchester,E08000003,2016-06,571,monthly,151281,265443,181713,140014,136021,2016-06-01
Manchester,http://landregistry.data.gov.uk/id/region/manchester,E08000003,2016-07,614,monthly,151327,264359,181434,140086,136261,2016-07-01
Manchester,http://landregistry.data.gov.uk/id/region/manchester,E08000003,2016-08,681,monthly,153779,268979,184505,142243,138490,2016-08-01
Manchester,http://landregistry.data.gov.uk/id/region/manchester,E08000003,2016-09,707,monthly,155506,271764,186710,143707,140117,2016-09-01
Manchester,http://landregistry.data.gov.uk/id/region/manchester,E08000003,2016-10,664,monthly,155247,272249,186628,142878,140269,2016-10-01
Manchester,http://landregistry.data.gov.uk/id/region/manchester,E08000003,2016-11,651,monthly,155511,273954,187071,142653,140817,2016-11-01
Manchester,http://landregistry.data.gov.uk/id/region/manchester,E08000003,2016-12,603,monthly,156281,275944,187734,143089,141861,2016-12-01
Manchester,http://landregistry.data.gov.uk/id/region/manchester,E08000003,2017-01,479,monthly,158278,279942,189887,144908,143778,2017-01-01
Manchester,http://landregistry.data.gov.uk/id/region/manchester,E08000003,2017-02,479,monthly,159666,281858,191137,146220,145240,2017-02-01
Manchester,http://landregistry.data.gov.uk/id/region/manchester,E08000003,2017-03,609,monthly,160087,282539,191505,146297,145983,2017-03-01
Manchester,http://landregistry.data.gov.uk/id/region/manchester,E08000003,2017-04,496,monthly,160010,281815,191097,146132,146194,2017-04-01
Manchester,http://landregistry.data.gov.uk/id/region/manchester,E08000003,2017-05,547,monthly,158994,279125,190115,144983,145397,2017-05-01
Manchester,http://landregistry.data.gov.uk/id/region/manchester,E08000003,2017-06,673,monthly,161473,281832,192688,147365,147838,2017-06-01
Manchester,http://landregistry.data.gov.uk/id/region/manchester,E08000003,2017-07,586,monthly,163574,284605,195360,149420,149596,2017-07-01
Manchester,http://landregistry.data.gov.uk/id/region/manchester,E08000003,2017-08,744,monthly,168739,293175,201377,154544,154043,2017-08-01
Manchester,http://landregistry.data.gov.uk/id/region/manchester,E08000003,2017-09,627,monthly,169898,296125,203213,155782,154657,2017-09-01
Manchester,http://landregistry.data.gov.uk/id/region/manchester,E08000003,2017-10,576,monthly,171477,299913,205569,157142,155882,2017-10-01
Manchester,http://landregistry.data.gov.uk/id/region/manchester,E08000003,2017-11,598,monthly,172142,302094,206901,157565,156335,2017-11-01
Manchester,http://landregistry.data.gov.uk/id/region/manchester,E08000003,2017-12,569,monthly,172720,303328,208114,158306,156391,2017-12-01
Manchester,http://landregistry.data.gov.uk/id/region/manchester,E08000003,2018-01,465,monthly,170927,300125,206087,156613,154751,2018-01-01
Manchester,http://landregistry.data.gov.uk/id/region/manchester,E08000003,2018-02,506,monthly,169542,299493,204786,155706,152888,2018-02-01
Manchester,http://landregistry.data.gov.uk/id/region/manchester,E08000003,2018-03,597,monthly,168551,298181,203721,154949,151793,2018-03-01
Manchester,http://landregistry.data.gov.uk/id/region/manchester,E08000003,2018-04,540,monthly,172454,305899,208888,159240,154417,2018-04-01
Manchester,http://landregistry.data.gov.uk/id/region/manchester,E08000003,2018-05,515,monthly,173414,306721,210204,160345,155072,2018-05-01
Manchester,http://landregistry.data.gov.uk/id/region/manchester,E08000003,2018-06,583,monthly,177297,313749,215345,163823,158394,2018-06-01
Manchester,http://landregistry.data.gov.uk/id/region/manchester,E08000003,2018-07,576,monthly,177254,313886,215259,163659,158462,2018-07-01
Manchester,http://landregistry.data.gov.uk/id/region/manchester,E08000003,2018-08,625,monthly,179831,318376,218400,166036,160767,2018-08-01
Manchester,http://landregistry.data.gov.uk/id/region/manchester,E08000003,2018-09,483,monthly,177316,314010,215080,163788,158593,2018-09-01
Manchester,http://landregistry.data.gov.uk/id/region/manchester,E08000003,2018-10,561,monthly,177680,314792,215639,164115,158853,2018-10-01
Manchester,http://landregistry.data.gov.uk/id/region/manchester,E08000003,2018-11,582,monthly,177559,315673,215950,164004,158429,2018-11-01
Manchester,http://landregistry.data.gov.uk/id/region/manchester,E08000003,2018-12,526,monthly,179408,319510,218768,165809,159658,2018-12-01
Manchester,http://landregistry.data.gov.uk/id/region/manchester,E08000003,2019-01,468,monthly,179844,320982,219507,165876,160171,2019-01-01
Manchester,http://landregistry.data.gov.uk/id/region/manchester,E08000003,2019-02,459,monthly,178052,318069,217352,164238,158494,2019-02-01
Manchester,http://landregistry.data.gov.uk/id/region/manchester,E08000003,2019-03,520,monthly,178113,318826,217652,164242,158382,2019-03-01
Manchester,http://landregistry.data.gov.uk/id/region/manchester,E08000003,2019-04,550,monthly,179044,320001,218762,165604,158795,2019-04-01
Manchester,http://landregistry.data.gov.uk/id/region/manchester,E08000003,2019-05,540,monthly,179304,319660,219089,166029,158903,2019-05-01
Manchester,http://landregistry.data.gov.uk/id/region/manchester,E08000003,2019-06,465,monthly,178287,316743,217596,165201,158110,2019-06-01
Manchester,http://landregistry.data.gov.uk/id/region/manchester,E08000003,2019-07,503,monthly,178676,316699,217938,165640,158508,2019-07-01
Manchester,http://landregistry.data.gov.uk/id/region/manchester,E08000003,2019-08,586,monthly,181975,322730,221998,169044,161091,2019-08-01
Manchester,http://landregistry.data.gov.uk/id/region/manchester,E08000003,2019-09,495,monthly,183668,325769,223627,170897,162593,2019-09-01
Manchester,http://landregistry.data.gov.uk/id/region/manchester,E08000003,2019-10,544,monthly,185323,329195,226674,172404,163453,2019-10-01
Manchester,http://landregistry.data.gov.uk/id/region/manchester,E08000003,2019-11,524,monthly,186304,331380,228317,172925,164382,2019-11-01
Manchester,http://landregistry.data.gov.uk/id/region/manchester,E08000003,2019-12,449,monthly,185788,331382,228610,172577,163211,2019-12-01
Manchester,http://landregistry.data.gov.uk/id/region/manchester,E08000003,2020-01,498,monthly,182906,326972,225161,169997,160494,2020-01-01
Manchester,http://landregistry.data.gov.uk/id/region/manchester,E08000003,2020-02,461,monthly,178840,320465,220427,166792,156206,2020-02-01
Manchester,http://landregistry.data.gov.uk/id/region/manchester,E08000003,2020-03,455,monthly,181623,325934,224010,169423,158484,2020-03-01
Manchester,http://landregistry.data.gov.uk/id/region/manchester,E08000003,2020-04,221,monthly,176843,318686,218297,165497,153647,2020-04-01
Manchester,http://landregistry.data.gov.uk/id/region/manchester,E08000003,2020-05,272,monthly,174074,314285,215124,162508,151419,2020-05-01
Manchester,http://landregistry.data.gov.uk/id/region/manchester,E08000003,2020-06,371,monthly,173279,311882,214265,161976,150528,2020-06-01
Manchester,http://landregistry.data.gov.uk/id/region/manchester,E08000003,2020-07,448,monthly,182682,326809,225533,170544,159224,2020-07-01
Manchester,http://landregistry.data.gov.uk/id/region/manchester,E08000003,2020-08,395,monthly,192844,344603,238521,180354,167558,2020-08-01
Manchester,http://landregistry.data.gov.uk/id/region/manchester,E08000003,2020-09,410,monthly,194188,347931,240337,181664,168532,2020-09-01
Manchester,http://landregistry.data.gov.uk/id/region/manchester,E08000003,2020-10,523,monthly,195260,351090,241799,182937,169067,2020-10-01
Manchester,http://landregistry.data.gov.uk/id/region/manchester,E08000003,2020-11,559,monthly,197247,354288,243636,185114,170887,2020-11-01
Manchester,http://landregistry.data.gov.uk/id/region/manchester,E08000003,2020-12,552,monthly,201640,362253,249034,189747,174250,2020-12-01
Manchester,http://landregistry.data.gov.uk/id/region/manchester,E08000003,2021-01,402,monthly,204607,368195,253217,192550,176471,2021-01-01
Manchester,http://landregistry.data.gov.uk/id/region/manchester,E08000003,2021-02,462,monthly,204830,370356,254266,193339,175595,2021-02-01
Manchester,http://landregistry.data.gov.uk/id/region/manchester,E08000003,2021-03,631,monthly,205853,372984,256218,194458,175887,2021-03-01
Manchester,http://landregistry.data.gov.uk/id/region/manchester,E08000003,2021-04,417,monthly,203571,369200,253166,192691,173694,2021-04-01
Manchester,http://landregistry.data.gov.uk/id/region/manchester,E08000003,2021-05,329,monthly,201615,365989,250867,190663,172083,2021-05-01
Manchester,http://landregistry.data.gov.uk/id/region/manchester,E08000003,2021-06,564,monthly,204825,371896,254831,194687,173971,2021-06-01
Manchester,http://landregistry.data.gov.uk/id/region/manchester,E08000003,2021-07,195,monthly,205054,371958,255132,193814,175172,2021-07-01
Manchester,http://landregistry.data.gov.uk/id/region/manchester,E08000003,2021-08,180,monthly,203517,369793,253962,191778,173906,2021-08-01
Manchester,http://landregistry.data.gov.uk/id/region/manchester,E08000003,2021-09,248,monthly,204392,372578,255445,191480,175340,2021-09-01
Manchester,http://landregistry.data.gov.uk/id/region/manchester,E08000003,2021-10,,monthly,207938,382803,260849,194852,177538,2021-10-01
Manchester,http://landregistry.data.gov.uk/id/region/manchester,E08000003,2021-11,,monthly,210534,390105,264695,196995,179534,2021-11-01
